Archive member included to satisfy reference by file (symbol)

e:/bluepill/arm-none-eabi-gcc-xpack/xpack/arm embedded gcc/7.3.1-1.2/bin/../lib/gcc/arm-none-eabi/7.3.1/../../../../arm-none-eabi/lib/thumb/v7-m\libg.a(lib_a-memset.o)
                              ./40_out/Debug/STM32CubeF1/Drivers/STM32F1xx_HAL_Driver/Src/stm32f1xx_hal_adc_ex.o (memset)

Allocating common symbols
Common symbol       size              file

uwTick              0x4               ./40_out/Debug/STM32CubeF1/Drivers/STM32F1xx_HAL_Driver/Src/stm32f1xx_hal.o
pFlash              0x20              ./40_out/Debug/STM32CubeF1/Drivers/STM32F1xx_HAL_Driver/Src/stm32f1xx_hal_flash.o

Discarded input sections

 .text          0x0000000000000000       0x14 ./40_out/Debug/20_src/startup_stm32f103xb.o
 .data          0x0000000000000000        0x0 ./40_out/Debug/20_src/startup_stm32f103xb.o
 .bss           0x0000000000000000        0x0 ./40_out/Debug/20_src/startup_stm32f103xb.o
 .group         0x0000000000000000        0xc ./40_out/Debug/20_src/stm32f1xx_it.o
 .group         0x0000000000000000        0xc ./40_out/Debug/20_src/stm32f1xx_it.o
 .group         0x0000000000000000        0xc ./40_out/Debug/20_src/stm32f1xx_it.o
 .group         0x0000000000000000        0xc ./40_out/Debug/20_src/stm32f1xx_it.o
 .group         0x0000000000000000        0xc ./40_out/Debug/20_src/stm32f1xx_it.o
 .group         0x0000000000000000        0xc ./40_out/Debug/20_src/stm32f1xx_it.o
 .group         0x0000000000000000        0xc ./40_out/Debug/20_src/stm32f1xx_it.o
 .group         0x0000000000000000        0xc ./40_out/Debug/20_src/stm32f1xx_it.o
 .group         0x0000000000000000        0xc ./40_out/Debug/20_src/stm32f1xx_it.o
 .group         0x0000000000000000        0xc ./40_out/Debug/20_src/stm32f1xx_it.o
 .group         0x0000000000000000        0xc ./40_out/Debug/20_src/stm32f1xx_it.o
 .group         0x0000000000000000        0xc ./40_out/Debug/20_src/stm32f1xx_it.o
 .group         0x0000000000000000        0xc ./40_out/Debug/20_src/stm32f1xx_it.o
 .group         0x0000000000000000        0xc ./40_out/Debug/20_src/stm32f1xx_it.o
 .group         0x0000000000000000        0xc ./40_out/Debug/20_src/stm32f1xx_it.o
 .group         0x0000000000000000        0xc ./40_out/Debug/20_src/stm32f1xx_it.o
 .group         0x0000000000000000        0xc ./40_out/Debug/20_src/stm32f1xx_it.o
 .group         0x0000000000000000        0xc ./40_out/Debug/20_src/stm32f1xx_it.o
 .group         0x0000000000000000        0xc ./40_out/Debug/20_src/stm32f1xx_it.o
 .group         0x0000000000000000        0xc ./40_out/Debug/20_src/stm32f1xx_it.o
 .group         0x0000000000000000        0xc ./40_out/Debug/20_src/stm32f1xx_it.o
 .group         0x0000000000000000        0xc ./40_out/Debug/20_src/stm32f1xx_it.o
 .group         0x0000000000000000        0xc ./40_out/Debug/20_src/stm32f1xx_it.o
 .group         0x0000000000000000        0xc ./40_out/Debug/20_src/stm32f1xx_it.o
 .group         0x0000000000000000        0xc ./40_out/Debug/20_src/stm32f1xx_it.o
 .group         0x0000000000000000        0xc ./40_out/Debug/20_src/stm32f1xx_it.o
 .group         0x0000000000000000        0xc ./40_out/Debug/20_src/stm32f1xx_it.o
 .group         0x0000000000000000        0xc ./40_out/Debug/20_src/stm32f1xx_it.o
 .group         0x0000000000000000        0xc ./40_out/Debug/20_src/stm32f1xx_it.o
 .group         0x0000000000000000        0xc ./40_out/Debug/20_src/stm32f1xx_it.o
 .group         0x0000000000000000        0xc ./40_out/Debug/20_src/stm32f1xx_it.o
 .text          0x0000000000000000        0x0 ./40_out/Debug/20_src/stm32f1xx_it.o
 .data          0x0000000000000000        0x0 ./40_out/Debug/20_src/stm32f1xx_it.o
 .bss           0x0000000000000000        0x0 ./40_out/Debug/20_src/stm32f1xx_it.o
 .group         0x0000000000000000        0xc ./40_out/Debug/20_src/system_stm32f1xx.o
 .group         0x0000000000000000        0xc ./40_out/Debug/20_src/system_stm32f1xx.o
 .group         0x0000000000000000        0xc ./40_out/Debug/20_src/system_stm32f1xx.o
 .group         0x0000000000000000        0xc ./40_out/Debug/20_src/system_stm32f1xx.o
 .group         0x0000000000000000        0xc ./40_out/Debug/20_src/system_stm32f1xx.o
 .group         0x0000000000000000        0xc ./40_out/Debug/20_src/system_stm32f1xx.o
 .group         0x0000000000000000        0xc ./40_out/Debug/20_src/system_stm32f1xx.o
 .group         0x0000000000000000        0xc ./40_out/Debug/20_src/system_stm32f1xx.o
 .group         0x0000000000000000        0xc ./40_out/Debug/20_src/system_stm32f1xx.o
 .group         0x0000000000000000        0xc ./40_out/Debug/20_src/system_stm32f1xx.o
 .text          0x0000000000000000        0x0 ./40_out/Debug/20_src/system_stm32f1xx.o
 .data          0x0000000000000000        0x0 ./40_out/Debug/20_src/system_stm32f1xx.o
 .bss           0x0000000000000000        0x0 ./40_out/Debug/20_src/system_stm32f1xx.o
 .text.SystemInit
[...]
Memory Configuration

Name             Origin             Length             Attributes
FLASH            0x0000000008000000 0x0000000000020000 xr
RAM              0x0000000020000000 0x0000000000005000 xrw
*default*        0x0000000000000000 0xffffffffffffffff

Linker script and memory map

LOAD ./40_out/Debug/20_src/startup_stm32f103xb.o
LOAD ./40_out/Debug/20_src/stm32f1xx_it.o
LOAD ./40_out/Debug/20_src/system_stm32f1xx.o
LOAD ./40_out/Debug/STM32CubeF1/Drivers/STM32F1xx_HAL_Driver/Src/stm32f1xx_hal.o
LOAD ./40_out/Debug/STM32CubeF1/Drivers/STM32F1xx_HAL_Driver/Src/stm32f1xx_hal_adc.o
LOAD ./40_out/Debug/STM32CubeF1/Drivers/STM32F1xx_HAL_Driver/Src/stm32f1xx_hal_adc_ex.o
LOAD ./40_out/Debug/STM32CubeF1/Drivers/STM32F1xx_HAL_Driver/Src/stm32f1xx_hal_can.o
LOAD ./40_out/Debug/STM32CubeF1/Drivers/STM32F1xx_HAL_Driver/Src/stm32f1xx_hal_cec.o
LOAD ./40_out/Debug/STM32CubeF1/Drivers/STM32F1xx_HAL_Driver/Src/stm32f1xx_hal_cortex.o
LOAD ./40_out/Debug/STM32CubeF1/Drivers/STM32F1xx_HAL_Driver/Src/stm32f1xx_hal_crc.o
LOAD ./40_out/Debug/STM32CubeF1/Drivers/STM32F1xx_HAL_Driver/Src/stm32f1xx_hal_dac.o
LOAD ./40_out/Debug/STM32CubeF1/Drivers/STM32F1xx_HAL_Driver/Src/stm32f1xx_hal_dac_ex.o
LOAD ./40_out/Debug/STM32CubeF1/Drivers/STM32F1xx_HAL_Driver/Src/stm32f1xx_hal_dma.o
LOAD ./40_out/Debug/STM32CubeF1/Drivers/STM32F1xx_HAL_Driver/Src/stm32f1xx_hal_eth.o
LOAD ./40_out/Debug/STM32CubeF1/Drivers/STM32F1xx_HAL_Driver/Src/stm32f1xx_hal_exti.o
LOAD ./40_out/Debug/STM32CubeF1/Drivers/STM32F1xx_HAL_Driver/Src/stm32f1xx_hal_flash.o
LOAD ./40_out/Debug/STM32CubeF1/Drivers/STM32F1xx_HAL_Driver/Src/stm32f1xx_hal_flash_ex.o
LOAD ./40_out/Debug/STM32CubeF1/Drivers/STM32F1xx_HAL_Driver/Src/stm32f1xx_hal_gpio.o
LOAD ./40_out/Debug/STM32CubeF1/Drivers/STM32F1xx_HAL_Driver/Src/stm32f1xx_hal_gpio_ex.o
LOAD ./40_out/Debug/STM32CubeF1/Drivers/STM32F1xx_HAL_Driver/Src/stm32f1xx_hal_hcd.o
LOAD ./40_out/Debug/STM32CubeF1/Drivers/STM32F1xx_HAL_Driver/Src/stm32f1xx_hal_i2c.o
LOAD ./40_out/Debug/STM32CubeF1/Drivers/STM32F1xx_HAL_Driver/Src/stm32f1xx_hal_i2s.o
LOAD ./40_out/Debug/STM32CubeF1/Drivers/STM32F1xx_HAL_Driver/Src/stm32f1xx_hal_irda.o
LOAD ./40_out/Debug/STM32CubeF1/Drivers/STM32F1xx_HAL_Driver/Src/stm32f1xx_hal_iwdg.o
LOAD ./40_out/Debug/STM32CubeF1/Drivers/STM32F1xx_HAL_Driver/Src/stm32f1xx_hal_mmc.o
LOAD ./40_out/Debug/STM32CubeF1/Drivers/STM32F1xx_HAL_Driver/Src/stm32f1xx_hal_nand.o
LOAD ./40_out/Debug/STM32CubeF1/Drivers/STM32F1xx_HAL_Driver/Src/stm32f1xx_hal_nor.o
LOAD ./40_out/Debug/STM32CubeF1/Drivers/STM32F1xx_HAL_Driver/Src/stm32f1xx_hal_pccard.o
LOAD ./40_out/Debug/STM32CubeF1/Drivers/STM32F1xx_HAL_Driver/Src/stm32f1xx_hal_pcd.o
LOAD ./40_out/Debug/STM32CubeF1/Drivers/STM32F1xx_HAL_Driver/Src/stm32f1xx_hal_pcd_ex.o
LOAD ./40_out/Debug/STM32CubeF1/Drivers/STM32F1xx_HAL_Driver/Src/stm32f1xx_hal_pwr.o
LOAD ./40_out/Debug/STM32CubeF1/Drivers/STM32F1xx_HAL_Driver/Src/stm32f1xx_hal_rcc.o
LOAD ./40_out/Debug/STM32CubeF1/Drivers/STM32F1xx_HAL_Driver/Src/stm32f1xx_hal_rcc_ex.o
LOAD ./40_out/Debug/STM32CubeF1/Drivers/STM32F1xx_HAL_Driver/Src/stm32f1xx_hal_rtc.o
LOAD ./40_out/Debug/STM32CubeF1/Drivers/STM32F1xx_HAL_Driver/Src/stm32f1xx_hal_rtc_ex.o
LOAD ./40_out/Debug/STM32CubeF1/Drivers/STM32F1xx_HAL_Driver/Src/stm32f1xx_hal_sd.o
LOAD ./40_out/Debug/STM32CubeF1/Drivers/STM32F1xx_HAL_Driver/Src/stm32f1xx_hal_smartcard.o
LOAD ./40_out/Debug/STM32CubeF1/Drivers/STM32F1xx_HAL_Driver/Src/stm32f1xx_hal_spi.o
LOAD ./40_out/Debug/STM32CubeF1/Drivers/STM32F1xx_HAL_Driver/Src/stm32f1xx_hal_sram.o
LOAD ./40_out/Debug/STM32CubeF1/Drivers/STM32F1xx_HAL_Driver/Src/stm32f1xx_hal_tim.o
LOAD ./40_out/Debug/STM32CubeF1/Drivers/STM32F1xx_HAL_Driver/Src/stm32f1xx_hal_tim_ex.o
LOAD ./40_out/Debug/STM32CubeF1/Drivers/STM32F1xx_HAL_Driver/Src/stm32f1xx_hal_uart.o
LOAD ./40_out/Debug/STM32CubeF1/Drivers/STM32F1xx_HAL_Driver/Src/stm32f1xx_hal_usart.o
LOAD ./40_out/Debug/STM32CubeF1/Drivers/STM32F1xx_HAL_Driver/Src/stm32f1xx_hal_wwdg.o
LOAD ./40_out/Debug/STM32CubeF1/Drivers/STM32F1xx_HAL_Driver/Src/stm32f1xx_ll_adc.o
LOAD ./40_out/Debug/STM32CubeF1/Drivers/STM32F1xx_HAL_Driver/Src/stm32f1xx_ll_crc.o
LOAD ./40_out/Debug/STM32CubeF1/Drivers/STM32F1xx_HAL_Driver/Src/stm32f1xx_ll_dac.o
LOAD ./40_out/Debug/STM32CubeF1/Drivers/STM32F1xx_HAL_Driver/Src/stm32f1xx_ll_dma.o
LOAD ./40_out/Debug/STM32CubeF1/Drivers/STM32F1xx_HAL_Driver/Src/stm32f1xx_ll_exti.o
LOAD ./40_out/Debug/STM32CubeF1/Drivers/STM32F1xx_HAL_Driver/Src/stm32f1xx_ll_fsmc.o
LOAD ./40_out/Debug/STM32CubeF1/Drivers/STM32F1xx_HAL_Driver/Src/stm32f1xx_ll_gpio.o
LOAD ./40_out/Debug/STM32CubeF1/Drivers/STM32F1xx_HAL_Driver/Src/stm32f1xx_ll_i2c.o
LOAD ./40_out/Debug/STM32CubeF1/Drivers/STM32F1xx_HAL_Driver/Src/stm32f1xx_ll_pwr.o
LOAD ./40_out/Debug/STM32CubeF1/Drivers/STM32F1xx_HAL_Driver/Src/stm32f1xx_ll_rcc.o
LOAD ./40_out/Debug/STM32CubeF1/Drivers/STM32F1xx_HAL_Driver/Src/stm32f1xx_ll_rtc.o
LOAD ./40_out/Debug/STM32CubeF1/Drivers/STM32F1xx_HAL_Driver/Src/stm32f1xx_ll_sdmmc.o
LOAD ./40_out/Debug/STM32CubeF1/Drivers/STM32F1xx_HAL_Driver/Src/stm32f1xx_ll_spi.o
LOAD ./40_out/Debug/STM32CubeF1/Drivers/STM32F1xx_HAL_Driver/Src/stm32f1xx_ll_tim.o
LOAD ./40_out/Debug/STM32CubeF1/Drivers/STM32F1xx_HAL_Driver/Src/stm32f1xx_ll_usart.o
LOAD ./40_out/Debug/STM32CubeF1/Drivers/STM32F1xx_HAL_Driver/Src/stm32f1xx_ll_usb.o
LOAD ./40_out/Debug/STM32CubeF1/Drivers/STM32F1xx_HAL_Driver/Src/stm32f1xx_ll_utils.o
LOAD ./40_out/Debug/STM32CubeF1/Drivers/STM32F1xx_HAL_Driver/Src/Legacy/stm32f1xx_hal_can.o
LOAD ./40_out/Debug/20_src/main.o
LOAD e:/bluepill/arm-none-eabi-gcc-xpack/xpack/arm embedded gcc/7.3.1-1.2/bin/../lib/gcc/arm-none-eabi/7.3.1/../../../../arm-none-eabi/lib/thumb/v7-m\libstdc++.a
LOAD e:/bluepill/arm-none-eabi-gcc-xpack/xpack/arm embedded gcc/7.3.1-1.2/bin/../lib/gcc/arm-none-eabi/7.3.1/../../../../arm-none-eabi/lib/thumb/v7-m\libm.a
START GROUP
LOAD e:/bluepill/arm-none-eabi-gcc-xpack/xpack/arm embedded gcc/7.3.1-1.2/bin/../lib/gcc/arm-none-eabi/7.3.1/thumb/v7-m\libgcc.a
LOAD e:/bluepill/arm-none-eabi-gcc-xpack/xpack/arm embedded gcc/7.3.1-1.2/bin/../lib/gcc/arm-none-eabi/7.3.1/../../../../arm-none-eabi/lib/thumb/v7-m\libg.a
LOAD e:/bluepill/arm-none-eabi-gcc-xpack/xpack/arm embedded gcc/7.3.1-1.2/bin/../lib/gcc/arm-none-eabi/7.3.1/../../../../arm-none-eabi/lib/thumb/v7-m\libc.a
END GROUP
                0x0000000020004fff                _estack = 0x20004fff
                0x0000000000000200                _Min_Heap_Size = 0x200
                0x0000000000000400                _Min_Stack_Size = 0x400

.isr_vector     0x0000000008000000      0x10c
                0x0000000008000000                . = ALIGN (0x4)
 *(.isr_vector)
 .isr_vector    0x0000000008000000      0x10c ./40_out/Debug/20_src/startup_stm32f103xb.o
                0x0000000008000000                g_pfnVectors
                0x000000000800010c                . = ALIGN (0x4)

.text           0x000000000800010c      0xb18
                0x000000000800010c                . = ALIGN (0x4)
 *(.text)
 *(.text*)
 .text.Reset_Handler
                0x000000000800010c       0x40 ./40_out/Debug/20_src/startup_stm32f103xb.o
                0x000000000800010c                Reset_Handler
 .text.Default_Handler
                0x000000000800014c        0x2 ./40_out/Debug/20_src/startup_stm32f103xb.o
                0x000000000800014c                RTC_Alarm_IRQHandler
                0x000000000800014c                EXTI2_IRQHandler
                0x000000000800014c                TIM1_CC_IRQHandler
                0x000000000800014c                PVD_IRQHandler
                0x000000000800014c                EXTI3_IRQHandler
                0x000000000800014c                EXTI0_IRQHandler
                0x000000000800014c                I2C2_EV_IRQHandler
                0x000000000800014c                ADC1_2_IRQHandler
                0x000000000800014c                SPI1_IRQHandler
                0x000000000800014c                TAMPER_IRQHandler
                0x000000000800014c                DMA1_Channel4_IRQHandler
                0x000000000800014c                USART3_IRQHandler
                0x000000000800014c                RTC_IRQHandler
                0x000000000800014c                DMA1_Channel7_IRQHandler
                0x000000000800014c                CAN1_RX1_IRQHandler
                0x000000000800014c                TIM4_IRQHandler
                0x000000000800014c                I2C1_EV_IRQHandler
                0x000000000800014c                DMA1_Channel6_IRQHandler
                0x000000000800014c                TIM3_IRQHandler
                0x000000000800014c                RCC_IRQHandler
                0x000000000800014c                TIM1_TRG_COM_IRQHandler
                0x000000000800014c                DMA1_Channel1_IRQHandler
                0x000000000800014c                Default_Handler
                0x000000000800014c                EXTI15_10_IRQHandler
                0x000000000800014c                EXTI9_5_IRQHandler
                0x000000000800014c                SPI2_IRQHandler
                0x000000000800014c                DMA1_Channel5_IRQHandler
                0x000000000800014c                EXTI4_IRQHandler
                0x000000000800014c                USB_LP_CAN1_RX0_IRQHandler
                0x000000000800014c                USB_HP_CAN1_TX_IRQHandler
                0x000000000800014c                DMA1_Channel3_IRQHandler
                0x000000000800014c                TIM1_UP_IRQHandler
                0x000000000800014c                WWDG_IRQHandler
                0x000000000800014c                TIM2_IRQHandler
                0x000000000800014c                TIM1_BRK_IRQHandler
                0x000000000800014c                EXTI1_IRQHandler
                0x000000000800014c                USART2_IRQHandler
                0x000000000800014c                I2C2_ER_IRQHandler
                0x000000000800014c                DMA1_Channel2_IRQHandler
                0x000000000800014c                CAN1_SCE_IRQHandler
                0x000000000800014c                FLASH_IRQHandler
                0x000000000800014c                USART1_IRQHandler
                0x000000000800014c                I2C1_ER_IRQHandler
                0x000000000800014c                USBWakeUp_IRQHandler
 .text.NMI_Handler
                0x000000000800014e        0x2 ./40_out/Debug/20_src/stm32f1xx_it.o
                0x000000000800014e                NMI_Handler
 .text.HardFault_Handler
                0x0000000008000150        0x2 ./40_out/Debug/20_src/stm32f1xx_it.o
                0x0000000008000150                HardFault_Handler
 .text.MemManage_Handler
                0x0000000008000152        0x2 ./40_out/Debug/20_src/stm32f1xx_it.o
                0x0000000008000152                MemManage_Handler
 .text.BusFault_Handler
                0x0000000008000154        0x2 ./40_out/Debug/20_src/stm32f1xx_it.o
                0x0000000008000154                BusFault_Handler
 .text.UsageFault_Handler
                0x0000000008000156        0x2 ./40_out/Debug/20_src/stm32f1xx_it.o
                0x0000000008000156                UsageFault_Handler
 .text.SVC_Handler
                0x0000000008000158        0x2 ./40_out/Debug/20_src/stm32f1xx_it.o
                0x0000000008000158                SVC_Handler
 .text.DebugMon_Handler
                0x000000000800015a        0x2 ./40_out/Debug/20_src/stm32f1xx_it.o
                0x000000000800015a                DebugMon_Handler
 .text.PendSV_Handler
                0x000000000800015c        0x2 ./40_out/Debug/20_src/stm32f1xx_it.o
                0x000000000800015c                PendSV_Handler
 .text.SysTick_Handler
                0x000000000800015e        0x8 ./40_out/Debug/20_src/stm32f1xx_it.o
                0x000000000800015e                SysTick_Handler
 .text.HAL_MspInit
                0x0000000008000166        0x2 ./40_out/Debug/STM32CubeF1/Drivers/STM32F1xx_HAL_Driver/Src/stm32f1xx_hal.o
                0x0000000008000166                HAL_MspInit
 .text.HAL_InitTick
                0x0000000008000168       0x4c ./40_out/Debug/STM32CubeF1/Drivers/STM32F1xx_HAL_Driver/Src/stm32f1xx_hal.o
                0x0000000008000168                HAL_InitTick
 .text.HAL_Init
                0x00000000080001b4       0x24 ./40_out/Debug/STM32CubeF1/Drivers/STM32F1xx_HAL_Driver/Src/stm32f1xx_hal.o
                0x00000000080001b4                HAL_Init
 .text.HAL_IncTick
                0x00000000080001d8       0x18 ./40_out/Debug/STM32CubeF1/Drivers/STM32F1xx_HAL_Driver/Src/stm32f1xx_hal.o
                0x00000000080001d8                HAL_IncTick
 .text.HAL_GetTick
                0x00000000080001f0        0xc ./40_out/Debug/STM32CubeF1/Drivers/STM32F1xx_HAL_Driver/Src/stm32f1xx_hal.o
                0x00000000080001f0                HAL_GetTick
 .text.HAL_Delay
                0x00000000080001fc       0x28 ./40_out/Debug/STM32CubeF1/Drivers/STM32F1xx_HAL_Driver/Src/stm32f1xx_hal.o
                0x00000000080001fc                HAL_Delay
 .text.HAL_NVIC_SetPriorityGrouping
                0x0000000008000224       0x24 ./40_out/Debug/STM32CubeF1/Drivers/STM32F1xx_HAL_Driver/Src/stm32f1xx_hal_cortex.o
                0x0000000008000224                HAL_NVIC_SetPriorityGrouping
 .text.HAL_NVIC_SetPriority
                0x0000000008000248       0x68 ./40_out/Debug/STM32CubeF1/Drivers/STM32F1xx_HAL_Driver/Src/stm32f1xx_hal_cortex.o
                0x0000000008000248                HAL_NVIC_SetPriority
 .text.HAL_SYSTICK_Config
                0x00000000080002b0       0x2c ./40_out/Debug/STM32CubeF1/Drivers/STM32F1xx_HAL_Driver/Src/stm32f1xx_hal_cortex.o
                0x00000000080002b0                HAL_SYSTICK_Config
 .text.HAL_GPIO_Init
                0x00000000080002dc      0x1d8 ./40_out/Debug/STM32CubeF1/Drivers/STM32F1xx_HAL_Driver/Src/stm32f1xx_hal_gpio.o
                0x00000000080002dc                HAL_GPIO_Init
 .text.HAL_GPIO_TogglePin
                0x00000000080004b4       0x12 ./40_out/Debug/STM32CubeF1/Drivers/STM32F1xx_HAL_Driver/Src/stm32f1xx_hal_gpio.o
                0x00000000080004b4                HAL_GPIO_TogglePin
 *fill*         0x00000000080004c6        0x2 
 .text.RCC_Delay
                0x00000000080004c8       0x2c ./40_out/Debug/STM32CubeF1/Drivers/STM32F1xx_HAL_Driver/Src/stm32f1xx_hal_rcc.o
 .text.HAL_RCC_OscConfig
                0x00000000080004f4      0x410 ./40_out/Debug/STM32CubeF1/Drivers/STM32F1xx_HAL_Driver/Src/stm32f1xx_hal_rcc.o
                0x00000000080004f4                HAL_RCC_OscConfig
 .text.HAL_RCC_GetSysClockFreq
                0x0000000008000904       0x70 ./40_out/Debug/STM32CubeF1/Drivers/STM32F1xx_HAL_Driver/Src/stm32f1xx_hal_rcc.o
                0x0000000008000904                HAL_RCC_GetSysClockFreq
 .text.HAL_RCC_ClockConfig
                0x0000000008000974      0x168 ./40_out/Debug/STM32CubeF1/Drivers/STM32F1xx_HAL_Driver/Src/stm32f1xx_hal_rcc.o
                0x0000000008000974                HAL_RCC_ClockConfig
 .text.SystemClock_Config
                0x0000000008000adc       0x5a ./40_out/Debug/20_src/main.o
                0x0000000008000adc                SystemClock_Config
 *fill*         0x0000000008000b36        0x2 
 .text.main     0x0000000008000b38       0x58 ./40_out/Debug/20_src/main.o
                0x0000000008000b38                main
 .text.memset   0x0000000008000b90       0x94 e:/bluepill/arm-none-eabi-gcc-xpack/xpack/arm embedded gcc/7.3.1-1.2/bin/../lib/gcc/arm-none-eabi/7.3.1/../../../../arm-none-eabi/lib/thumb/v7-m\libg.a(lib_a-memset.o)
                0x0000000008000b90                memset
 *(.glue_7)
 .glue_7        0x0000000008000c24        0x0 linker stubs
 *(.glue_7t)
 .glue_7t       0x0000000008000c24        0x0 linker stubs
 *(.eh_frame)
 *(.init)
 *(.fini)
                0x0000000008000c24                . = ALIGN (0x4)
                0x0000000008000c24                _etext = .

.vfp11_veneer   0x0000000008000c24        0x0
 .vfp11_veneer  0x0000000008000c24        0x0 linker stubs

.v4_bx          0x0000000008000c24        0x0
 .v4_bx         0x0000000008000c24        0x0 linker stubs

.iplt           0x0000000008000c24        0x0
 .iplt          0x0000000008000c24        0x0 ./40_out/Debug/20_src/startup_stm32f103xb.o

.rodata         0x0000000008000c24       0x24
                0x0000000008000c24                . = ALIGN (0x4)
 *(.rodata)
 .rodata        0x0000000008000c24       0x12 ./40_out/Debug/STM32CubeF1/Drivers/STM32F1xx_HAL_Driver/Src/stm32f1xx_hal_rcc.o
 *(.rodata*)
 *fill*         0x0000000008000c36        0x2 
 .rodata.AHBPrescTable
                0x0000000008000c38       0x10 ./40_out/Debug/20_src/system_stm32f1xx.o
                0x0000000008000c38                AHBPrescTable
                0x0000000008000c48                . = ALIGN (0x4)

.rel.dyn        0x0000000008000c48        0x0
 .rel.iplt      0x0000000008000c48        0x0 ./40_out/Debug/20_src/startup_stm32f103xb.o

.ARM.extab
 *(.ARM.extab* .gnu.linkonce.armextab.*)

.ARM            0x0000000008000c48        0x0
                0x0000000008000c48                __exidx_start = .
 *(.ARM.exidx*)
                0x0000000008000c48                __exidx_end = .

.preinit_array  0x0000000008000c48        0x0
                [!provide]                        PROVIDE (__preinit_array_start = .)
 *(.preinit_array*)
                [!provide]                        PROVIDE (__preinit_array_end = .)

.init_array     0x0000000008000c48        0x0
                [!provide]                        PROVIDE (__init_array_start = .)
 *(SORT_BY_NAME(.init_array.*))
 *(.init_array*)
                [!provide]                        PROVIDE (__init_array_end = .)

.fini_array     0x0000000008000c48        0x0
                [!provide]                        PROVIDE (__fini_array_start = .)
 *(SORT_BY_NAME(.fini_array.*))
 *(.fini_array*)
                [!provide]                        PROVIDE (__fini_array_end = .)
                0x0000000008000c48                _sidata = LOADADDR (.data)

.data           0x0000000020000000        0xc load address 0x0000000008000c48
                0x0000000020000000                . = ALIGN (0x4)
                0x0000000020000000                _sdata = .
 *(.data)
 *(.data*)
 .data.SystemCoreClock
                0x0000000020000000        0x4 ./40_out/Debug/20_src/system_stm32f1xx.o
                0x0000000020000000                SystemCoreClock
 .data.uwTickFreq
                0x0000000020000004        0x1 ./40_out/Debug/STM32CubeF1/Drivers/STM32F1xx_HAL_Driver/Src/stm32f1xx_hal.o
                0x0000000020000004                uwTickFreq
 *fill*         0x0000000020000005        0x3 
 .data.uwTickPrio
                0x0000000020000008        0x4 ./40_out/Debug/STM32CubeF1/Drivers/STM32F1xx_HAL_Driver/Src/stm32f1xx_hal.o
                0x0000000020000008                uwTickPrio
                0x000000002000000c                . = ALIGN (0x4)
                0x000000002000000c                _edata = .

.igot.plt       0x000000002000000c        0x0 load address 0x0000000008000c54
 .igot.plt      0x000000002000000c        0x0 ./40_out/Debug/20_src/startup_stm32f103xb.o
                0x000000002000000c                . = ALIGN (0x4)

.bss            0x000000002000000c       0x14 load address 0x0000000008000c54
                0x000000002000000c                _sbss = .
                0x000000002000000c                __bss_start__ = _sbss
 *(.bss)
 *(.bss*)
 .bss.GPIO_InitStruct
                0x000000002000000c       0x10 ./40_out/Debug/20_src/main.o
 *(COMMON)
 COMMON         0x000000002000001c        0x4 ./40_out/Debug/STM32CubeF1/Drivers/STM32F1xx_HAL_Driver/Src/stm32f1xx_hal.o
                0x000000002000001c                uwTick
                0x0000000020000020                . = ALIGN (0x4)
                0x0000000020000020                _ebss = .
                0x0000000020000020                __bss_end__ = _ebss

._user_heap_stack
                0x0000000020000020      0x600 load address 0x0000000008000c54
                0x0000000020000020                . = ALIGN (0x8)
                [!provide]                        PROVIDE (end = .)
                [!provide]                        PROVIDE (_end = .)
                0x0000000020000220                . = (. + _Min_Heap_Size)
 *fill*         0x0000000020000020      0x200 
                0x0000000020000620                . = (. + _Min_Stack_Size)
 *fill*         0x0000000020000220      0x400 
                0x0000000020000620                . = ALIGN (0x8)

/DISCARD/
 libc.a(*)
 libm.a(*)
 libgcc.a(*)

.ARM.attributes
                0x0000000000000000       0x2f
 *(.ARM.attributes)
 .ARM.attributes
                0x0000000000000000       0x21 ./40_out/Debug/20_src/startup_stm32f103xb.o
 .ARM.attributes
                0x0000000000000021       0x33 ./40_out/Debug/20_src/stm32f1xx_it.o
 .ARM.attributes
                0x0000000000000054       0x33 ./40_out/Debug/20_src/system_stm32f1xx.o
 .ARM.attributes
                0x0000000000000087       0x33 ./40_out/Debug/STM32CubeF1/Drivers/STM32F1xx_HAL_Driver/Src/stm32f1xx_hal.o
 .ARM.attributes
                0x00000000000000ba       0x33 ./40_out/Debug/STM32CubeF1/Drivers/STM32F1xx_HAL_Driver/Src/stm32f1xx_hal_cortex.o
 .ARM.attributes
                0x00000000000000ed       0x33 ./40_out/Debug/STM32CubeF1/Drivers/STM32F1xx_HAL_Driver/Src/stm32f1xx_hal_gpio.o
 .ARM.attributes
                0x0000000000000120       0x33 ./40_out/Debug/STM32CubeF1/Drivers/STM32F1xx_HAL_Driver/Src/stm32f1xx_hal_rcc.o
 .ARM.attributes
                0x0000000000000153       0x33 ./40_out/Debug/20_src/main.o
 .ARM.attributes
                0x0000000000000186       0x2d e:/bluepill/arm-none-eabi-gcc-xpack/xpack/arm embedded gcc/7.3.1-1.2/bin/../lib/gcc/arm-none-eabi/7.3.1/../../../../arm-none-eabi/lib/thumb/v7-m\libg.a(lib_a-memset.o)
OUTPUT(helloworld.elf elf32-littlearm)

.debug_line     0x0000000000000000     0x21ab
 .debug_line    0x0000000000000000       0x7a ./40_out/Debug/20_src/startup_stm32f103xb.o
 .debug_line    0x000000000000007a      0x458 ./40_out/Debug/20_src/stm32f1xx_it.o
 .debug_line    0x00000000000004d2      0x1e8 ./40_out/Debug/20_src/system_stm32f1xx.o
 .debug_line    0x00000000000006ba      0x583 ./40_out/Debug/STM32CubeF1/Drivers/STM32F1xx_HAL_Driver/Src/stm32f1xx_hal.o
 .debug_line    0x0000000000000c3d      0x592 ./40_out/Debug/STM32CubeF1/Drivers/STM32F1xx_HAL_Driver/Src/stm32f1xx_hal_cortex.o
 .debug_line    0x00000000000011cf      0x554 ./40_out/Debug/STM32CubeF1/Drivers/STM32F1xx_HAL_Driver/Src/stm32f1xx_hal_gpio.o
 .debug_line    0x0000000000001723      0x68d ./40_out/Debug/STM32CubeF1/Drivers/STM32F1xx_HAL_Driver/Src/stm32f1xx_hal_rcc.o
 .debug_line    0x0000000000001db0      0x3fb ./40_out/Debug/20_src/main.o

.debug_info     0x0000000000000000     0x2ff3
 .debug_info    0x0000000000000000       0x22 ./40_out/Debug/20_src/startup_stm32f103xb.o
 .debug_info    0x0000000000000022      0x203 ./40_out/Debug/20_src/stm32f1xx_it.o
 .debug_info    0x0000000000000225      0x3c7 ./40_out/Debug/20_src/system_stm32f1xx.o
 .debug_info    0x00000000000005ec      0x79f ./40_out/Debug/STM32CubeF1/Drivers/STM32F1xx_HAL_Driver/Src/stm32f1xx_hal.o
 .debug_info    0x0000000000000d8b      0xc94 ./40_out/Debug/STM32CubeF1/Drivers/STM32F1xx_HAL_Driver/Src/stm32f1xx_hal_cortex.o
 .debug_info    0x0000000000001a1f      0x67f ./40_out/Debug/STM32CubeF1/Drivers/STM32F1xx_HAL_Driver/Src/stm32f1xx_hal_gpio.o
 .debug_info    0x000000000000209e      0x9c3 ./40_out/Debug/STM32CubeF1/Drivers/STM32F1xx_HAL_Driver/Src/stm32f1xx_hal_rcc.o
 .debug_info    0x0000000000002a61      0x592 ./40_out/Debug/20_src/main.o

.debug_abbrev   0x0000000000000000      0xd0d
 .debug_abbrev  0x0000000000000000       0x12 ./40_out/Debug/20_src/startup_stm32f103xb.o
 .debug_abbrev  0x0000000000000012       0xe4 ./40_out/Debug/20_src/stm32f1xx_it.o
 .debug_abbrev  0x00000000000000f6      0x134 ./40_out/Debug/20_src/system_stm32f1xx.o
 .debug_abbrev  0x000000000000022a      0x1ed ./40_out/Debug/STM32CubeF1/Drivers/STM32F1xx_HAL_Driver/Src/stm32f1xx_hal.o
 .debug_abbrev  0x0000000000000417      0x303 ./40_out/Debug/STM32CubeF1/Drivers/STM32F1xx_HAL_Driver/Src/stm32f1xx_hal_cortex.o
 .debug_abbrev  0x000000000000071a      0x1de ./40_out/Debug/STM32CubeF1/Drivers/STM32F1xx_HAL_Driver/Src/stm32f1xx_hal_gpio.o
 .debug_abbrev  0x00000000000008f8      0x257 ./40_out/Debug/STM32CubeF1/Drivers/STM32F1xx_HAL_Driver/Src/stm32f1xx_hal_rcc.o
 .debug_abbrev  0x0000000000000b4f      0x1be ./40_out/Debug/20_src/main.o

.debug_aranges  0x0000000000000000      0x330
 .debug_aranges
                0x0000000000000000       0x28 ./40_out/Debug/20_src/startup_stm32f103xb.o
 .debug_aranges
                0x0000000000000028       0x60 ./40_out/Debug/20_src/stm32f1xx_it.o
 .debug_aranges
                0x0000000000000088       0x28 ./40_out/Debug/20_src/system_stm32f1xx.o
 .debug_aranges
                0x00000000000000b0       0xe0 ./40_out/Debug/STM32CubeF1/Drivers/STM32F1xx_HAL_Driver/Src/stm32f1xx_hal.o
 .debug_aranges
                0x0000000000000190       0x90 ./40_out/Debug/STM32CubeF1/Drivers/STM32F1xx_HAL_Driver/Src/stm32f1xx_hal_cortex.o
 .debug_aranges
                0x0000000000000220       0x58 ./40_out/Debug/STM32CubeF1/Drivers/STM32F1xx_HAL_Driver/Src/stm32f1xx_hal_gpio.o
 .debug_aranges
                0x0000000000000278       0x90 ./40_out/Debug/STM32CubeF1/Drivers/STM32F1xx_HAL_Driver/Src/stm32f1xx_hal_rcc.o
 .debug_aranges
                0x0000000000000308       0x28 ./40_out/Debug/20_src/main.o

.debug_str      0x0000000000000000    0x85427
 .debug_str     0x0000000000000000       0x41 ./40_out/Debug/20_src/startup_stm32f103xb.o
 .debug_str     0x0000000000000041    0x840b9 ./40_out/Debug/20_src/stm32f1xx_it.o
                                      0x84432 (size before relaxing)
 .debug_str     0x00000000000840fa      0x13a ./40_out/Debug/20_src/system_stm32f1xx.o
                                      0x5424f (size before relaxing)
 .debug_str     0x0000000000084234      0x5d0 ./40_out/Debug/STM32CubeF1/Drivers/STM32F1xx_HAL_Driver/Src/stm32f1xx_hal.o
                                      0x7e480 (size before relaxing)
 .debug_str     0x0000000000084804      0x273 ./40_out/Debug/STM32CubeF1/Drivers/STM32F1xx_HAL_Driver/Src/stm32f1xx_hal_cortex.o
                                      0x7e443 (size before relaxing)
 .debug_str     0x0000000000084a77      0x3b3 ./40_out/Debug/STM32CubeF1/Drivers/STM32F1xx_HAL_Driver/Src/stm32f1xx_hal_gpio.o
                                      0x7e163 (size before relaxing)
 .debug_str     0x0000000000084e2a      0x36b ./40_out/Debug/STM32CubeF1/Drivers/STM32F1xx_HAL_Driver/Src/stm32f1xx_hal_rcc.o
                                      0x7e1c3 (size before relaxing)
 .debug_str     0x0000000000085195      0x292 ./40_out/Debug/20_src/main.o
                                      0x847fa (size before relaxing)

.debug_ranges   0x0000000000000000      0x338
 .debug_ranges  0x0000000000000000       0x20 ./40_out/Debug/20_src/startup_stm32f103xb.o
 .debug_ranges  0x0000000000000020       0x50 ./40_out/Debug/20_src/stm32f1xx_it.o
 .debug_ranges  0x0000000000000070       0x18 ./40_out/Debug/20_src/system_stm32f1xx.o
 .debug_ranges  0x0000000000000088       0xd0 ./40_out/Debug/STM32CubeF1/Drivers/STM32F1xx_HAL_Driver/Src/stm32f1xx_hal.o
 .debug_ranges  0x0000000000000158       0xe0 ./40_out/Debug/STM32CubeF1/Drivers/STM32F1xx_HAL_Driver/Src/stm32f1xx_hal_cortex.o
 .debug_ranges  0x0000000000000238       0x48 ./40_out/Debug/STM32CubeF1/Drivers/STM32F1xx_HAL_Driver/Src/stm32f1xx_hal_gpio.o
 .debug_ranges  0x0000000000000280       0xa0 ./40_out/Debug/STM32CubeF1/Drivers/STM32F1xx_HAL_Driver/Src/stm32f1xx_hal_rcc.o
 .debug_ranges  0x0000000000000320       0x18 ./40_out/Debug/20_src/main.o

.debug_macro    0x0000000000000000    0x161eb
 .debug_macro   0x0000000000000000      0x166 ./40_out/Debug/20_src/stm32f1xx_it.o
 .debug_macro   0x0000000000000166      0xa60 ./40_out/Debug/20_src/stm32f1xx_it.o
 .debug_macro   0x0000000000000bc6      0x238 ./40_out/Debug/20_src/stm32f1xx_it.o
 .debug_macro   0x0000000000000dfe       0x2e ./40_out/Debug/20_src/stm32f1xx_it.o
 .debug_macro   0x0000000000000e2c       0x22 ./40_out/Debug/20_src/stm32f1xx_it.o
 .debug_macro   0x0000000000000e4e      0x34e ./40_out/Debug/20_src/stm32f1xx_it.o
 .debug_macro   0x000000000000119c       0x1c ./40_out/Debug/20_src/stm32f1xx_it.o
 .debug_macro   0x00000000000011b8       0x22 ./40_out/Debug/20_src/stm32f1xx_it.o
 .debug_macro   0x00000000000011da       0xc3 ./40_out/Debug/20_src/stm32f1xx_it.o
 .debug_macro   0x000000000000129d      0xd23 ./40_out/Debug/20_src/stm32f1xx_it.o
 .debug_macro   0x0000000000001fc0     0xe09e ./40_out/Debug/20_src/stm32f1xx_it.o
 .debug_macro   0x000000000001005e       0x6d ./40_out/Debug/20_src/stm32f1xx_it.o
 .debug_macro   0x00000000000100cb     0x3468 ./40_out/Debug/20_src/stm32f1xx_it.o
 .debug_macro   0x0000000000013533      0x174 ./40_out/Debug/20_src/stm32f1xx_it.o
 .debug_macro   0x00000000000136a7       0x5c ./40_out/Debug/20_src/stm32f1xx_it.o
 .debug_macro   0x0000000000013703      0x5be ./40_out/Debug/20_src/stm32f1xx_it.o
 .debug_macro   0x0000000000013cc1      0x289 ./40_out/Debug/20_src/stm32f1xx_it.o
 .debug_macro   0x0000000000013f4a      0x1cb ./40_out/Debug/20_src/stm32f1xx_it.o
 .debug_macro   0x0000000000014115      0x114 ./40_out/Debug/20_src/stm32f1xx_it.o
 .debug_macro   0x0000000000014229      0x1b2 ./40_out/Debug/20_src/stm32f1xx_it.o
 .debug_macro   0x00000000000143db       0x27 ./40_out/Debug/20_src/stm32f1xx_it.o
 .debug_macro   0x0000000000014402      0x1bc ./40_out/Debug/20_src/stm32f1xx_it.o
 .debug_macro   0x00000000000145be       0x34 ./40_out/Debug/20_src/stm32f1xx_it.o
 .debug_macro   0x00000000000145f2       0x3c ./40_out/Debug/20_src/stm32f1xx_it.o
 .debug_macro   0x000000000001462e       0x57 ./40_out/Debug/20_src/stm32f1xx_it.o
 .debug_macro   0x0000000000014685      0x46a ./40_out/Debug/20_src/stm32f1xx_it.o
 .debug_macro   0x0000000000014aef      0x1b5 ./40_out/Debug/20_src/stm32f1xx_it.o
 .debug_macro   0x0000000000014ca4       0x88 ./40_out/Debug/20_src/stm32f1xx_it.o
 .debug_macro   0x0000000000014d2c      0x241 ./40_out/Debug/20_src/stm32f1xx_it.o
 .debug_macro   0x0000000000014f6d       0x83 ./40_out/Debug/20_src/stm32f1xx_it.o
 .debug_macro   0x0000000000014ff0      0x198 ./40_out/Debug/20_src/stm32f1xx_it.o
 .debug_macro   0x0000000000015188      0x8a1 ./40_out/Debug/20_src/stm32f1xx_it.o
 .debug_macro   0x0000000000015a29       0x8f ./40_out/Debug/20_src/system_stm32f1xx.o
 .debug_macro   0x0000000000015ab8      0x164 ./40_out/Debug/STM32CubeF1/Drivers/STM32F1xx_HAL_Driver/Src/stm32f1xx_hal.o
 .debug_macro   0x0000000000015c1c      0x140 ./40_out/Debug/STM32CubeF1/Drivers/STM32F1xx_HAL_Driver/Src/stm32f1xx_hal_cortex.o
 .debug_macro   0x0000000000015d5c      0x1ab ./40_out/Debug/STM32CubeF1/Drivers/STM32F1xx_HAL_Driver/Src/stm32f1xx_hal_gpio.o
 .debug_macro   0x0000000000015f07      0x152 ./40_out/Debug/STM32CubeF1/Drivers/STM32F1xx_HAL_Driver/Src/stm32f1xx_hal_rcc.o
 .debug_macro   0x0000000000016059      0x192 ./40_out/Debug/20_src/main.o

.comment        0x0000000000000000       0x6b
 .comment       0x0000000000000000       0x6b ./40_out/Debug/20_src/stm32f1xx_it.o
                                         0x6c (size before relaxing)
 .comment       0x000000000000006b       0x6c ./40_out/Debug/20_src/system_stm32f1xx.o
 .comment       0x000000000000006b       0x6c ./40_out/Debug/STM32CubeF1/Drivers/STM32F1xx_HAL_Driver/Src/stm32f1xx_hal.o
 .comment       0x000000000000006b       0x6c ./40_out/Debug/STM32CubeF1/Drivers/STM32F1xx_HAL_Driver/Src/stm32f1xx_hal_cortex.o
 .comment       0x000000000000006b       0x6c ./40_out/Debug/STM32CubeF1/Drivers/STM32F1xx_HAL_Driver/Src/stm32f1xx_hal_gpio.o
 .comment       0x000000000000006b       0x6c ./40_out/Debug/STM32CubeF1/Drivers/STM32F1xx_HAL_Driver/Src/stm32f1xx_hal_rcc.o
 .comment       0x000000000000006b       0x6c ./40_out/Debug/20_src/main.o

.debug_frame    0x0000000000000000      0x6cc
 .debug_frame   0x0000000000000000       0xa8 ./40_out/Debug/20_src/stm32f1xx_it.o
 .debug_frame   0x00000000000000a8       0x30 ./40_out/Debug/20_src/system_stm32f1xx.o
 .debug_frame   0x00000000000000d8      0x1cc ./40_out/Debug/STM32CubeF1/Drivers/STM32F1xx_HAL_Driver/Src/stm32f1xx_hal.o
 .debug_frame   0x00000000000002a4      0x12c ./40_out/Debug/STM32CubeF1/Drivers/STM32F1xx_HAL_Driver/Src/stm32f1xx_hal_cortex.o
 .debug_frame   0x00000000000003d0       0xe8 ./40_out/Debug/STM32CubeF1/Drivers/STM32F1xx_HAL_Driver/Src/stm32f1xx_hal_gpio.o
 .debug_frame   0x00000000000004b8      0x198 ./40_out/Debug/STM32CubeF1/Drivers/STM32F1xx_HAL_Driver/Src/stm32f1xx_hal_rcc.o
 .debug_frame   0x0000000000000650       0x44 ./40_out/Debug/20_src/main.o
 .debug_frame   0x0000000000000694       0x38 e:/bluepill/arm-none-eabi-gcc-xpack/xpack/arm embedded gcc/7.3.1-1.2/bin/../lib/gcc/arm-none-eabi/7.3.1/../../../../arm-none-eabi/lib/thumb/v7-m\libg.a(lib_a-memset.o)

.debug_loc      0x0000000000000000     0x103a
 .debug_loc     0x0000000000000000       0xdf ./40_out/Debug/20_src/system_stm32f1xx.o
 .debug_loc     0x00000000000000df      0x11b ./40_out/Debug/STM32CubeF1/Drivers/STM32F1xx_HAL_Driver/Src/stm32f1xx_hal.o
 .debug_loc     0x00000000000001fa      0x5ad ./40_out/Debug/STM32CubeF1/Drivers/STM32F1xx_HAL_Driver/Src/stm32f1xx_hal_cortex.o
 .debug_loc     0x00000000000007a7      0x3d8 ./40_out/Debug/STM32CubeF1/Drivers/STM32F1xx_HAL_Driver/Src/stm32f1xx_hal_gpio.o
 .debug_loc     0x0000000000000b7f      0x4bb ./40_out/Debug/STM32CubeF1/Drivers/STM32F1xx_HAL_Driver/Src/stm32f1xx_hal_rcc.o
